2013-12-09 15:21:25.986:INFO::Logging to StdErrLog::DEBUG=false via org.eclipse.jetty.util.log.StdErrLog
2013-12-09 15:21:26.324:INFO::jetty-7.1.0.RC0
2013-12-09 15:21:26.363:INFO::Started SelectChannelConnector@0.0.0.0:9080
