2013-12-09 15:21:26.820:INFO::jetty-7.1.0.RC0
2013-12-09 15:21:26.821:INFO::Started SelectChannelConnector@0.0.0.0:9080
